// Vitest Snapshot v1, https://vitest.dev/guide/snapshot.html

exports[`light and aura themes > aura colours are unchanged 1`] = `
{
  "--color-background-danger": "#ff6767",
  "--color-background-disabled": "#25232f",
  "--color-background-ghost": "transparent",
  "--color-background-info": "#82e2ff",
  "--color-background-inverse": "#a277ff",
  "--color-background-primary": "#15141b",
  "--color-background-secondary": "#1a1921",
  "--color-background-success": "#61ffca",
  "--color-background-tertiary": "#201e2b",
  "--color-background-warning": "#ffca85",
  "--color-border-danger": "#ff6767",
  "--color-border-disabled": "#2d2b38",
  "--color-border-ghost": "transparent",
  "--color-border-info": "#82e2ff",
  "--color-border-inverse": "#edecee",
  "--color-border-primary": "#2d2b38",
  "--color-border-secondary": "#47415a",
  "--color-border-success": "#61ffca",
  "--color-border-tertiary": "#4e496c",
  "--color-border-warning": "#ffca85",
  "--color-ring-danger": "#ff6767",
  "--color-ring-info": "#82e2ff",
  "--color-ring-inverse": "#15141b",
  "--color-ring-primary": "#47415a",
  "--color-ring-secondary": "#2d2b38",
  "--color-ring-success": "#61ffca",
  "--color-ring-warning": "#ffca85",
  "--color-text-danger": "#ff6767",
  "--color-text-disabled": "#525b68",
  "--color-text-ghost": "#8a8282",
  "--color-text-info": "#82e2ff",
  "--color-text-inverse": "#15141b",
  "--color-text-primary": "#edecee",
  "--color-text-secondary": "#8a8282",
  "--color-text-success": "#61ffca",
  "--color-text-tertiary": "#6d6d6d",
  "--color-text-warning": "#ffca85",
  "--shadow-hairline": "0 0 0 1px rgba(0, 0, 0, 0.2)",
  "--shadow-lg": "0 10px 15px -3px rgba(0, 0, 0, 0.3), 0 4px 6px -4px rgba(0, 0, 0, 0.2)",
  "--shadow-md": "0 4px 6px -1px rgba(0, 0, 0, 0.3), 0 2px 4px -2px rgba(0, 0, 0, 0.2)",
  "--shadow-sm": "0 1px 2px 0 rgba(0, 0, 0, 0.2)",
}
`;

exports[`light and aura themes > light tokens match the snapshot 1`] = `
{
  "--border-radius-full": "9999px",
  "--border-radius-lg": "12px",
  "--border-radius-md": "8px",
  "--border-radius-sm": "4px",
  "--border-radius-xl": "16px",
  "--border-radius-xs": "2px",
  "--border-width-regular": "1px",
  "--color-background-danger": "#f94b4b",
  "--color-background-disabled": "#e3e6ea",
  "--color-background-ghost": "transparent",
  "--color-background-info": "#5c98f9",
  "--color-background-inverse": "#000000",
  "--color-background-primary": "#ffffff",
  "--color-background-secondary": "#f4f6f7",
  "--color-background-success": "#91cb80",
  "--color-background-tertiary": "#e3e6ea",
  "--color-background-warning": "#fbcd44",
  "--color-border-danger": "#f94b4b",
  "--color-border-disabled": "#e3e6ea",
  "--color-border-ghost": "transparent",
  "--color-border-info": "#5c98f9",
  "--color-border-inverse": "#000000",
  "--color-border-primary": "#e3e6ea",
  "--color-border-secondary": "#e3e6ea",
  "--color-border-success": "#91cb80",
  "--color-border-tertiary": "#cbd1d6",
  "--color-border-warning": "#fbcd44",
  "--color-ring-danger": "#f94b4b",
  "--color-ring-info": "#5c98f9",
  "--color-ring-inverse": "#ffffff",
  "--color-ring-primary": "#e3e6ea",
  "--color-ring-secondary": "#cbd1d6",
  "--color-ring-success": "#91cb80",
  "--color-ring-warning": "#fbcd44",
  "--color-text-danger": "#f94b4b",
  "--color-text-disabled": "#cbd1d6",
  "--color-text-ghost": "#878787",
  "--color-text-info": "#5c98f9",
  "--color-text-inverse": "#ffffff",
  "--color-text-primary": "#3f434b",
  "--color-text-secondary": "#878787",
  "--color-text-success": "#91cb80",
  "--color-text-tertiary": "#a7b0b9",
  "--color-text-warning": "#fbcd44",
  "--font-heading-2xl-line-height": "2.5rem",
  "--font-heading-2xl-size": "2.25rem",
  "--font-heading-3xl-line-height": "3.5rem",
  "--font-heading-3xl-size": "3rem",
  "--font-heading-lg-line-height": "2rem",
  "--font-heading-lg-size": "1.5rem",
  "--font-heading-md-line-height": "1.75rem",
  "--font-heading-md-size": "1.25rem",
  "--font-heading-sm-line-height": "1.75rem",
  "--font-heading-sm-size": "1.125rem",
  "--font-heading-xl-line-height": "2.25rem",
  "--font-heading-xl-size": "1.875rem",
  "--font-heading-xs-line-height": "28px",
  "--font-heading-xs-size": "20px",
  "--font-mono": "'JetBrains Mono Variable', ui-monospace, monospace",
  "--font-sans": "'Schibsted Grotesk Variable', system-ui, sans-serif",
  "--font-text-lg-line-height": "22px",
  "--font-text-lg-size": "15px",
  "--font-text-md-line-height": "20px",
  "--font-text-md-size": "13px",
  "--font-text-sm-line-height": "16px",
  "--font-text-sm-size": "12px",
  "--font-text-xs-line-height": "16px",
  "--font-text-xs-size": "11px",
  "--font-weight-bold": "700",
  "--font-weight-medium": "500",
  "--font-weight-normal": "400",
  "--font-weight-semibold": "600",
  "--shadow-hairline": "0 0 0 1px rgba(0, 0, 0, 0.05)",
  "--shadow-lg": "0 10px 15px -3px rgba(0, 0, 0, 0.1), 0 4px 6px -4px rgba(0, 0, 0, 0.1)",
  "--shadow-md": "0 4px 6px -1px rgba(0, 0, 0, 0.1), 0 2px 4px -2px rgba(0, 0, 0, 0.1)",
  "--shadow-sm": "0 1px 2px 0 rgba(0, 0, 0, 0.05)",
}
`;
